

@S |Clock Optimization Summary



#### START OF PREMAP CLOCK OPTIMIZATION REPORT #####[

0 non-gated/non-generated clock tree(s) driving 0 clock pin(s) of sequential element(s)
1 gated/generated clock tree(s) driving 38 clock pin(s) of sequential element(s)
0 instances converted, 38 sequential instances remain driven by gated/generated clocks

================================================================= Gated/Generated Clocks ==================================================================
Clock Tree ID     Driving Element                          Drive Element Type     Unconverted Fanout     Sample Instance     Explanation                   
-----------------------------------------------------------------------------------------------------------------------------------------------------------
@KP:ckid0_1       my_pll.lscc_pll_inst.u_PLL_B.OUTCORE     PLL_B                  38                     count[15:0]         Clock Optimization not enabled
===========================================================================================================================================================


##### END OF CLOCK OPTIMIZATION REPORT ######

