

@S |Clock Optimization Summary



#### START OF PREMAP CLOCK OPTIMIZATION REPORT #####[

1 non-gated/non-generated clock tree(s) driving 20 clock pin(s) of sequential element(s)
1 gated/generated clock tree(s) driving 82 clock pin(s) of sequential element(s)
0 instances converted, 82 sequential instances remain driven by gated/generated clocks

============================== Non-Gated/Non-Generated Clocks ===============================
Clock Tree ID     Driving Element     Drive Element Type     Fanout     Sample Instance      
---------------------------------------------------------------------------------------------
@KP:ckid0_2       CAMERA_PCLOCK       port                   20         reader.FSM_state[1:0]
=============================================================================================
=================================================================== Gated/Generated Clocks ====================================================================
Clock Tree ID     Driving Element                          Drive Element Type     Unconverted Fanout     Sample Instance         Explanation                   
---------------------------------------------------------------------------------------------------------------------------------------------------------------
@KP:ckid0_1       my_pll.lscc_pll_inst.u_PLL_B.OUTCORE     PLL_B                  82                     write_address[19:0]     Clock Optimization not enabled
===============================================================================================================================================================


##### END OF CLOCK OPTIMIZATION REPORT ######

